[2025-12-19 18:00:38.027] [jointLog] [info] setting maxHashResizeThreads to 4
[2025-12-19 18:00:38.027] [jointLog] [info] Fragment incompatibility prior below threshold.  Incompatible fragments will be ignored.
[2025-12-19 18:00:38.027] [jointLog] [info] Usage of --validateMappings implies use of minScoreFraction. Since not explicitly specified, it is being set to 0.65
[2025-12-19 18:00:38.027] [jointLog] [info] Setting consensusSlack to selective-alignment default of 0.35.
[2025-12-19 18:00:38.027] [jointLog] [info] parsing read library format
[2025-12-19 18:00:38.027] [jointLog] [info] There is 1 library.
[2025-12-19 18:00:38.028] [jointLog] [info] Loading pufferfish index
[2025-12-19 18:00:38.028] [jointLog] [info] Loading dense pufferfish index.
[2025-12-19 18:00:38.030] [jointLog] [info] done
[2025-12-19 18:00:38.048] [jointLog] [info] Index contained 679 targets
[2025-12-19 18:00:38.061] [jointLog] [info] Number of decoys : 0
[2025-12-19 18:00:38.106] [fileLog] [info] 
At end of round 0
==================
Observed 1320 total fragments (1320 in most recent round)

[2025-12-19 18:00:38.106] [jointLog] [info] Computed 482 rich equivalence classes for further processing
[2025-12-19 18:00:38.106] [jointLog] [info] Counted 1,320 total reads in the equivalence classes 
[2025-12-19 18:00:38.107] [jointLog] [info] Number of mappings discarded because of alignment score : 58
[2025-12-19 18:00:38.107] [jointLog] [info] Number of fragments entirely discarded because of alignment score : 0
[2025-12-19 18:00:38.107] [jointLog] [info] Number of fragments discarded because they are best-mapped to decoys : 0
[2025-12-19 18:00:38.107] [jointLog] [info] Number of fragments discarded because they have only dovetail (discordant) mappings to valid targets : 223
[2025-12-19 18:00:38.107] [jointLog] [warning] Only 1320 fragments were mapped, but the number of burn-in fragments was set to 5000000.
The effective lengths have been computed using the observed mappings.

[2025-12-19 18:00:38.107] [jointLog] [info] Mapping rate = 100%

[2025-12-19 18:00:38.107] [jointLog] [info] finished quantifyLibrary()
[2025-12-19 18:00:38.107] [jointLog] [info] Starting optimizer
[2025-12-19 18:00:38.108] [jointLog] [info] Marked 0 weighted equivalence classes as degenerate
[2025-12-19 18:00:38.108] [jointLog] [info] iteration = 0 | max rel diff. = 148.326
[2025-12-19 18:00:38.108] [jointLog] [info] iteration 11, adjusting effective lengths to account for biases
[2025-12-19 18:00:38.351] [jointLog] [info] Computed expected counts (for bias correction)
[2025-12-19 18:00:38.351] [jointLog] [info] processed bias for 2.9% of the transcripts
[2025-12-19 18:00:38.361] [jointLog] [info] processed bias for 10.8% of the transcripts
[2025-12-19 18:00:38.376] [jointLog] [info] processed bias for 20.8% of the transcripts
[2025-12-19 18:00:38.402] [jointLog] [info] processed bias for 29.9% of the transcripts
[2025-12-19 18:00:38.434] [jointLog] [info] processed bias for 39.6% of the transcripts
[2025-12-19 18:00:38.460] [jointLog] [info] processed bias for 49.5% of the transcripts
[2025-12-19 18:00:38.488] [jointLog] [info] processed bias for 60.1% of the transcripts
[2025-12-19 18:00:38.498] [jointLog] [info] processed bias for 69.5% of the transcripts
[2025-12-19 18:00:38.534] [jointLog] [info] processed bias for 79.1% of the transcripts
[2025-12-19 18:00:38.550] [jointLog] [info] processed bias for 89.4% of the transcripts
[2025-12-19 18:00:38.574] [jointLog] [info] processed bias for 98.8% of the transcripts
[2025-12-19 18:00:38.583] [jointLog] [info] processed bias for 100.0% of the transcripts
[2025-12-19 18:00:38.586] [jointLog] [info] iteration = 100 | max rel diff. = 0.0219029
[2025-12-19 18:00:38.589] [jointLog] [info] iteration = 163 | max rel diff. = 0.0051219
[2025-12-19 18:00:38.589] [jointLog] [info] Finished optimizer
[2025-12-19 18:00:38.589] [jointLog] [info] writing output 

[2025-12-19 18:00:38.589] [jointLog] [warning] NOTE: Read Lib [[ data/raw/HomerSimpson_R1.fastq.gz, data/raw/HomerSimpson_R2.fastq.gz]] :

Detected a *potential* strand bias > 1% in an unstranded protocol check the file: results/salmon/HomerSimpson/lib_format_counts.json for details

