[2025-12-11 21:03:52.975] [puff::index::jointLog] [info] Running fixFasta
[2025-12-11 21:03:53.407] [puff::index::jointLog] [warning] Removed 27 transcripts that were sequence duplicates of indexed transcripts.
[2025-12-11 21:03:53.407] [puff::index::jointLog] [warning] If you wish to retain duplicate transcripts, please use the `--keepDuplicates` flag
[2025-12-11 21:03:53.413] [puff::index::jointLog] [info] Replaced 0 non-ATCG nucleotides
[2025-12-11 21:03:53.413] [puff::index::jointLog] [info] Clipped poly-A tails from 4 transcripts
[2025-12-11 21:03:53.523] [puff::index::jointLog] [info] Filter size not provided; estimating from number of distinct k-mers
[2025-12-11 21:03:53.734] [puff::index::jointLog] [info] ntHll estimated 372573 distinct k-mers, setting filter size to 2^23
[2025-12-11 21:03:55.348] [puff::index::jointLog] [info] Starting the Pufferfish indexing by reading the GFA binary file.
[2025-12-11 21:03:55.348] [puff::index::jointLog] [info] Setting the index/BinaryGfa directory Indexado
[2025-12-11 21:03:55.367] [puff::index::jointLog] [info] Done wrapping the rank vector with a rank9sel structure.
[2025-12-11 21:03:55.368] [puff::index::jointLog] [info] contig count for validation: 1793
[2025-12-11 21:03:55.436] [puff::index::jointLog] [info] Total # of Contigs : 1793
[2025-12-11 21:03:55.437] [puff::index::jointLog] [info] Total # of numerical Contigs : 1793
[2025-12-11 21:03:55.438] [puff::index::jointLog] [info] Total # of contig vec entries: 20508
[2025-12-11 21:03:55.438] [puff::index::jointLog] [info] bits per offset entry 15
[2025-12-11 21:03:55.439] [puff::index::jointLog] [info] Done constructing the contig vector. 1794
[2025-12-11 21:03:55.462] [puff::index::jointLog] [info] # segments = 1793
[2025-12-11 21:03:55.462] [puff::index::jointLog] [info] total length = 464715
[2025-12-11 21:03:55.462] [puff::index::jointLog] [info] Reading the reference files ...
[2025-12-11 21:03:55.557] [puff::index::jointLog] [info] positional integer width = 19
[2025-12-11 21:03:55.557] [puff::index::jointLog] [info] seqSize = 464715
[2025-12-11 21:03:55.558] [puff::index::jointLog] [info] rankSize = 464715
[2025-12-11 21:03:55.558] [puff::index::jointLog] [info] edgeVecSize = 0
[2025-12-11 21:03:55.558] [puff::index::jointLog] [info] num keys = 410925
[2025-12-11 21:03:55.926] [puff::index::jointLog] [info] mphf size = 0.25737 MB
[2025-12-11 21:03:55.926] [puff::index::jointLog] [info] chunk size = 232358
[2025-12-11 21:03:55.926] [puff::index::jointLog] [info] chunk 0 = [0, 232358)
[2025-12-11 21:03:55.926] [puff::index::jointLog] [info] chunk 1 = [232358, 464685)
[2025-12-11 21:03:55.940] [puff::index::jointLog] [info] finished populating pos vector
[2025-12-11 21:03:55.940] [puff::index::jointLog] [info] writing index components
[2025-12-11 21:03:55.958] [puff::index::jointLog] [info] finished writing dense pufferfish index
[2025-12-16 17:20:29.919] [puff::index::jointLog] [info] Running fixFasta
[2025-12-16 17:20:30.254] [puff::index::jointLog] [warning] Removed 27 transcripts that were sequence duplicates of indexed transcripts.
[2025-12-16 17:20:30.254] [puff::index::jointLog] [warning] If you wish to retain duplicate transcripts, please use the `--keepDuplicates` flag
[2025-12-16 17:20:30.276] [puff::index::jointLog] [info] Replaced 0 non-ATCG nucleotides
[2025-12-16 17:20:30.276] [puff::index::jointLog] [info] Clipped poly-A tails from 4 transcripts
[2025-12-16 17:20:30.392] [puff::index::jointLog] [info] Filter size not provided; estimating from number of distinct k-mers
[2025-12-16 17:20:30.536] [puff::index::jointLog] [info] ntHll estimated 372573 distinct k-mers, setting filter size to 2^23
[2025-12-16 17:20:32.519] [puff::index::jointLog] [info] Starting the Pufferfish indexing by reading the GFA binary file.
[2025-12-16 17:20:32.519] [puff::index::jointLog] [info] Setting the index/BinaryGfa directory Indexado
[2025-12-16 17:20:32.544] [puff::index::jointLog] [info] Done wrapping the rank vector with a rank9sel structure.
[2025-12-16 17:20:32.545] [puff::index::jointLog] [info] contig count for validation: 1793
[2025-12-16 17:20:32.552] [puff::index::jointLog] [info] Total # of Contigs : 1793
[2025-12-16 17:20:32.552] [puff::index::jointLog] [info] Total # of numerical Contigs : 1793
[2025-12-16 17:20:32.552] [puff::index::jointLog] [info] Total # of contig vec entries: 20508
[2025-12-16 17:20:32.552] [puff::index::jointLog] [info] bits per offset entry 15
[2025-12-16 17:20:32.553] [puff::index::jointLog] [info] Done constructing the contig vector. 1794
[2025-12-16 17:20:32.622] [puff::index::jointLog] [info] # segments = 1793
[2025-12-16 17:20:32.622] [puff::index::jointLog] [info] total length = 464715
[2025-12-16 17:20:32.623] [puff::index::jointLog] [info] Reading the reference files ...
[2025-12-16 17:20:32.815] [puff::index::jointLog] [info] positional integer width = 19
[2025-12-16 17:20:32.815] [puff::index::jointLog] [info] seqSize = 464715
[2025-12-16 17:20:32.815] [puff::index::jointLog] [info] rankSize = 464715
[2025-12-16 17:20:32.815] [puff::index::jointLog] [info] edgeVecSize = 0
[2025-12-16 17:20:32.815] [puff::index::jointLog] [info] num keys = 410925
[2025-12-16 17:20:33.115] [puff::index::jointLog] [info] mphf size = 0.25737 MB
[2025-12-16 17:20:33.115] [puff::index::jointLog] [info] chunk size = 232358
[2025-12-16 17:20:33.115] [puff::index::jointLog] [info] chunk 0 = [0, 232358)
[2025-12-16 17:20:33.115] [puff::index::jointLog] [info] chunk 1 = [232358, 464685)
[2025-12-16 17:20:33.129] [puff::index::jointLog] [info] finished populating pos vector
[2025-12-16 17:20:33.130] [puff::index::jointLog] [info] writing index components
[2025-12-16 17:20:33.228] [puff::index::jointLog] [info] finished writing dense pufferfish index
