[2025-12-19 15:11:57.333] [jointLog] [info] setting maxHashResizeThreads to 4
[2025-12-19 15:11:57.333] [jointLog] [info] Fragment incompatibility prior below threshold.  Incompatible fragments will be ignored.
[2025-12-19 15:11:57.333] [jointLog] [info] Usage of --validateMappings implies use of minScoreFraction. Since not explicitly specified, it is being set to 0.65
[2025-12-19 15:11:57.333] [jointLog] [info] Setting consensusSlack to selective-alignment default of 0.35.
[2025-12-19 15:11:57.333] [jointLog] [info] parsing read library format
[2025-12-19 15:11:57.333] [jointLog] [info] There is 1 library.
[2025-12-19 15:11:57.334] [jointLog] [info] Loading pufferfish index
[2025-12-19 15:11:57.334] [jointLog] [info] Loading dense pufferfish index.
[2025-12-19 15:11:57.338] [jointLog] [info] done
[2025-12-19 15:11:57.398] [jointLog] [info] Index contained 679 targets
[2025-12-19 15:11:57.398] [jointLog] [info] Number of decoys : 0
[2025-12-19 15:11:57.468] [jointLog] [info] Computed 511 rich equivalence classes for further processing
[2025-12-19 15:11:57.468] [jointLog] [info] Counted 1328 total reads in the equivalence classes 
[2025-12-19 15:11:57.470] [jointLog] [info] Number of mappings discarded because of alignment score : 50
[2025-12-19 15:11:57.470] [jointLog] [info] Number of fragments entirely discarded because of alignment score : 0
[2025-12-19 15:11:57.470] [jointLog] [info] Number of fragments discarded because they are best-mapped to decoys : 0
[2025-12-19 15:11:57.470] [jointLog] [info] Number of fragments discarded because they have only dovetail (discordant) mappings to valid targets : 16
[2025-12-19 15:11:57.471] [jointLog] [warning] Only 1328 fragments were mapped, but the number of burn-in fragments was set to 5000000.
The effective lengths have been computed using the observed mappings.

[2025-12-19 15:11:57.471] [jointLog] [info] Mapping rate = 100%

[2025-12-19 15:11:57.471] [jointLog] [info] finished quantifyLibrary()
[2025-12-19 15:11:57.471] [jointLog] [info] Starting optimizer
[2025-12-19 15:11:57.473] [jointLog] [info] Marked 0 weighted equivalence classes as degenerate
[2025-12-19 15:11:57.473] [jointLog] [info] iteration = 0 | max rel diff. = 58.2536
[2025-12-19 15:11:57.469] [fileLog] [info] 
At end of round 0
==================
Observed 1328 total fragments (1328 in most recent round)

[2025-12-19 15:11:57.482] [jointLog] [info] iteration = 100 | max rel diff. = 6.26245
[2025-12-19 15:11:57.482] [jointLog] [info] iteration = 106 | max rel diff. = 0.00542272
[2025-12-19 15:11:57.482] [jointLog] [info] Finished optimizer
[2025-12-19 15:11:57.482] [jointLog] [info] writing output 

[2025-12-19 15:11:57.484] [jointLog] [warning] NOTE: Read Lib [[ results/cleaned_data/MaggieSimpson_R1_clean.fastq.gz, results/cleaned_data/MaggieSimpson_R2_clean.fastq.gz]] :

Detected a *potential* strand bias > 1% in an unstranded protocol check the file: results/salmon_quant/MaggieSimpson_quant/lib_format_counts.json for details

