[2025-12-19 18:00:38.983] [jointLog] [info] setting maxHashResizeThreads to 4
[2025-12-19 18:00:38.983] [jointLog] [info] Fragment incompatibility prior below threshold.  Incompatible fragments will be ignored.
[2025-12-19 18:00:38.983] [jointLog] [info] Usage of --validateMappings implies use of minScoreFraction. Since not explicitly specified, it is being set to 0.65
[2025-12-19 18:00:38.983] [jointLog] [info] Setting consensusSlack to selective-alignment default of 0.35.
[2025-12-19 18:00:38.983] [jointLog] [info] parsing read library format
[2025-12-19 18:00:38.983] [jointLog] [info] There is 1 library.
[2025-12-19 18:00:38.983] [jointLog] [info] Loading pufferfish index
[2025-12-19 18:00:38.983] [jointLog] [info] Loading dense pufferfish index.
[2025-12-19 18:00:38.986] [jointLog] [info] done
[2025-12-19 18:00:39.004] [jointLog] [info] Index contained 679 targets
[2025-12-19 18:00:39.017] [jointLog] [info] Number of decoys : 0
[2025-12-19 18:00:39.055] [fileLog] [info] 
At end of round 0
==================
Observed 1320 total fragments (1320 in most recent round)

[2025-12-19 18:00:39.055] [jointLog] [info] Computed 484 rich equivalence classes for further processing
[2025-12-19 18:00:39.055] [jointLog] [info] Counted 1,320 total reads in the equivalence classes 
[2025-12-19 18:00:39.056] [jointLog] [info] Number of mappings discarded because of alignment score : 31
[2025-12-19 18:00:39.056] [jointLog] [info] Number of fragments entirely discarded because of alignment score : 0
[2025-12-19 18:00:39.056] [jointLog] [info] Number of fragments discarded because they are best-mapped to decoys : 0
[2025-12-19 18:00:39.056] [jointLog] [info] Number of fragments discarded because they have only dovetail (discordant) mappings to valid targets : 250
[2025-12-19 18:00:39.056] [jointLog] [warning] Only 1320 fragments were mapped, but the number of burn-in fragments was set to 5000000.
The effective lengths have been computed using the observed mappings.

[2025-12-19 18:00:39.056] [jointLog] [info] Mapping rate = 100%

[2025-12-19 18:00:39.056] [jointLog] [info] finished quantifyLibrary()
[2025-12-19 18:00:39.057] [jointLog] [info] Starting optimizer
[2025-12-19 18:00:39.057] [jointLog] [info] Marked 0 weighted equivalence classes as degenerate
[2025-12-19 18:00:39.057] [jointLog] [info] iteration = 0 | max rel diff. = 53.607
[2025-12-19 18:00:39.058] [jointLog] [info] iteration 11, adjusting effective lengths to account for biases
[2025-12-19 18:00:39.298] [jointLog] [info] Computed expected counts (for bias correction)
[2025-12-19 18:00:39.298] [jointLog] [info] processed bias for 3.1% of the transcripts
[2025-12-19 18:00:39.319] [jointLog] [info] processed bias for 14.6% of the transcripts
[2025-12-19 18:00:39.323] [jointLog] [info] processed bias for 20.3% of the transcripts
[2025-12-19 18:00:39.344] [jointLog] [info] processed bias for 30.5% of the transcripts
[2025-12-19 18:00:39.365] [jointLog] [info] processed bias for 41.2% of the transcripts
[2025-12-19 18:00:39.407] [jointLog] [info] processed bias for 49.5% of the transcripts
[2025-12-19 18:00:39.421] [jointLog] [info] processed bias for 60.1% of the transcripts
[2025-12-19 18:00:39.435] [jointLog] [info] processed bias for 70.3% of the transcripts
[2025-12-19 18:00:39.457] [jointLog] [info] processed bias for 79.1% of the transcripts
[2025-12-19 18:00:39.488] [jointLog] [info] processed bias for 89.0% of the transcripts
[2025-12-19 18:00:39.524] [jointLog] [info] processed bias for 98.8% of the transcripts
[2025-12-19 18:00:39.531] [jointLog] [info] processed bias for 100.0% of the transcripts
[2025-12-19 18:00:39.535] [jointLog] [info] iteration = 100 | max rel diff. = 0.118814
[2025-12-19 18:00:39.537] [jointLog] [info] iteration = 158 | max rel diff. = 0.00372603
[2025-12-19 18:00:39.537] [jointLog] [info] Finished optimizer
[2025-12-19 18:00:39.537] [jointLog] [info] writing output 

[2025-12-19 18:00:39.537] [jointLog] [warning] NOTE: Read Lib [[ data/raw/LisaSimpson_R1.fastq.gz, data/raw/LisaSimpson_R2.fastq.gz]] :

Detected a *potential* strand bias > 1% in an unstranded protocol check the file: results/salmon/LisaSimpson/lib_format_counts.json for details

