[2025-12-19 17:47:14.422] [puff::index::jointLog] [info] Running fixFasta
[2025-12-19 17:47:14.499] [puff::index::jointLog] [warning] Removed 27 transcripts that were sequence duplicates of indexed transcripts.
[2025-12-19 17:47:14.499] [puff::index::jointLog] [warning] If you wish to retain duplicate transcripts, please use the `--keepDuplicates` flag
[2025-12-19 17:47:14.499] [puff::index::jointLog] [info] Replaced 0 non-ATCG nucleotides
[2025-12-19 17:47:14.499] [puff::index::jointLog] [info] Clipped poly-A tails from 4 transcripts
[2025-12-19 17:47:14.505] [puff::index::jointLog] [info] Filter size not provided; estimating from number of distinct k-mers
[2025-12-19 17:47:14.548] [puff::index::jointLog] [info] ntHll estimated 372573 distinct k-mers, setting filter size to 2^23
[2025-12-19 17:47:15.065] [puff::index::jointLog] [info] Starting the Pufferfish indexing by reading the GFA binary file.
[2025-12-19 17:47:15.065] [puff::index::jointLog] [info] Setting the index/BinaryGfa directory index/salmon_index
[2025-12-19 17:47:15.065] [puff::index::jointLog] [info] Done wrapping the rank vector with a rank9sel structure.
[2025-12-19 17:47:15.065] [puff::index::jointLog] [info] contig count for validation: 1,793
[2025-12-19 17:47:15.066] [puff::index::jointLog] [info] Total # of Contigs : 1,793
[2025-12-19 17:47:15.066] [puff::index::jointLog] [info] Total # of numerical Contigs : 1,793
[2025-12-19 17:47:15.066] [puff::index::jointLog] [info] Total # of contig vec entries: 20,508
[2025-12-19 17:47:15.066] [puff::index::jointLog] [info] bits per offset entry 15
[2025-12-19 17:47:15.066] [puff::index::jointLog] [info] Done constructing the contig vector. 1794
[2025-12-19 17:47:15.066] [puff::index::jointLog] [info] # segments = 1,793
[2025-12-19 17:47:15.066] [puff::index::jointLog] [info] total length = 464,715
[2025-12-19 17:47:15.066] [puff::index::jointLog] [info] Reading the reference files ...
[2025-12-19 17:47:15.080] [puff::index::jointLog] [info] positional integer width = 19
[2025-12-19 17:47:15.080] [puff::index::jointLog] [info] seqSize = 464,715
[2025-12-19 17:47:15.080] [puff::index::jointLog] [info] rankSize = 464,715
[2025-12-19 17:47:15.080] [puff::index::jointLog] [info] edgeVecSize = 0
[2025-12-19 17:47:15.080] [puff::index::jointLog] [info] num keys = 410,925
[2025-12-19 17:47:15.091] [puff::index::jointLog] [info] mphf size = 0.25737 MB
[2025-12-19 17:47:15.091] [puff::index::jointLog] [info] chunk size = 232,358
[2025-12-19 17:47:15.091] [puff::index::jointLog] [info] chunk 0 = [0, 232,358)
[2025-12-19 17:47:15.091] [puff::index::jointLog] [info] chunk 1 = [232,358, 464,685)
[2025-12-19 17:47:15.098] [puff::index::jointLog] [info] finished populating pos vector
[2025-12-19 17:47:15.098] [puff::index::jointLog] [info] writing index components
[2025-12-19 17:47:15.100] [puff::index::jointLog] [info] finished writing dense pufferfish index
