[2025-12-16 17:39:31.196] [jointLog] [info] setting maxHashResizeThreads to 8
[2025-12-16 17:39:31.196] [jointLog] [info] Fragment incompatibility prior below threshold.  Incompatible fragments will be ignored.
[2025-12-16 17:39:31.196] [jointLog] [info] Usage of --validateMappings implies use of minScoreFraction. Since not explicitly specified, it is being set to 0.65
[2025-12-16 17:39:31.196] [jointLog] [info] Setting consensusSlack to selective-alignment default of 0.35.
[2025-12-16 17:39:31.196] [jointLog] [info] parsing read library format
[2025-12-16 17:39:31.196] [jointLog] [info] There is 1 library.
[2025-12-16 17:39:31.209] [jointLog] [info] Loading pufferfish index
[2025-12-16 17:39:31.211] [jointLog] [info] Loading dense pufferfish index.
[2025-12-16 17:39:31.258] [jointLog] [info] done
[2025-12-16 17:39:31.359] [jointLog] [info] Index contained 679 targets
[2025-12-16 17:39:31.361] [jointLog] [info] Number of decoys : 0
[2025-12-16 17:39:31.520] [jointLog] [info] Computed 449 rich equivalence classes for further processing
[2025-12-16 17:39:31.520] [jointLog] [info] Counted 1310 total reads in the equivalence classes 
[2025-12-16 17:39:31.522] [jointLog] [info] Number of mappings discarded because of alignment score : 102
[2025-12-16 17:39:31.522] [jointLog] [info] Number of fragments entirely discarded because of alignment score : 0
[2025-12-16 17:39:31.522] [jointLog] [info] Number of fragments discarded because they are best-mapped to decoys : 0
[2025-12-16 17:39:31.522] [jointLog] [info] Number of fragments discarded because they have only dovetail (discordant) mappings to valid targets : 55
[2025-12-16 17:39:31.523] [jointLog] [warning] Only 1310 fragments were mapped, but the number of burn-in fragments was set to 5000000.
The effective lengths have been computed using the observed mappings.

[2025-12-16 17:39:31.523] [jointLog] [info] Mapping rate = 100%

[2025-12-16 17:39:31.523] [jointLog] [info] finished quantifyLibrary()
[2025-12-16 17:39:31.529] [jointLog] [info] Starting optimizer
[2025-12-16 17:39:31.532] [jointLog] [info] Marked 0 weighted equivalence classes as degenerate
[2025-12-16 17:39:31.533] [jointLog] [info] iteration = 0 | max rel diff. = 162.101
[2025-12-16 17:39:31.544] [jointLog] [info] iteration = 100 | max rel diff. = 2.15333
[2025-12-16 17:39:31.550] [jointLog] [info] iteration = 132 | max rel diff. = 0.00937033
[2025-12-16 17:39:31.550] [jointLog] [info] Finished optimizer
[2025-12-16 17:39:31.550] [jointLog] [info] writing output 

[2025-12-16 17:39:31.577] [jointLog] [warning] NOTE: Read Lib [[ Trimmed/AbrahamSimpson_R1_filtered.fastq.gz, Trimmed/AbrahamSimpson_R2_filtered.fastq.gz]] :

Detected a *potential* strand bias > 1% in an unstranded protocol check the file: Cuantificación/AbrahamSimpson_quantified/lib_format_counts.json for details

[2025-12-16 17:39:31.520] [fileLog] [info] 
At end of round 0
==================
Observed 1310 total fragments (1310 in most recent round)

