[2025-12-19 18:00:35.416] [jointLog] [info] setting maxHashResizeThreads to 4
[2025-12-19 18:00:35.416] [jointLog] [info] Fragment incompatibility prior below threshold.  Incompatible fragments will be ignored.
[2025-12-19 18:00:35.417] [jointLog] [info] Usage of --validateMappings implies use of minScoreFraction. Since not explicitly specified, it is being set to 0.65
[2025-12-19 18:00:35.417] [jointLog] [info] Setting consensusSlack to selective-alignment default of 0.35.
[2025-12-19 18:00:35.417] [jointLog] [info] parsing read library format
[2025-12-19 18:00:35.418] [jointLog] [info] There is 1 library.
[2025-12-19 18:00:35.419] [jointLog] [info] Loading pufferfish index
[2025-12-19 18:00:35.419] [jointLog] [info] Loading dense pufferfish index.
[2025-12-19 18:00:35.429] [jointLog] [info] done
[2025-12-19 18:00:35.457] [jointLog] [info] Index contained 679 targets
[2025-12-19 18:00:35.471] [jointLog] [info] Number of decoys : 0
[2025-12-19 18:00:35.515] [fileLog] [info] 
At end of round 0
==================
Observed 1320 total fragments (1320 in most recent round)

[2025-12-19 18:00:35.515] [jointLog] [info] Computed 484 rich equivalence classes for further processing
[2025-12-19 18:00:35.515] [jointLog] [info] Counted 1,320 total reads in the equivalence classes 
[2025-12-19 18:00:35.516] [jointLog] [info] Number of mappings discarded because of alignment score : 55
[2025-12-19 18:00:35.516] [jointLog] [info] Number of fragments entirely discarded because of alignment score : 0
[2025-12-19 18:00:35.516] [jointLog] [info] Number of fragments discarded because they are best-mapped to decoys : 0
[2025-12-19 18:00:35.516] [jointLog] [info] Number of fragments discarded because they have only dovetail (discordant) mappings to valid targets : 230
[2025-12-19 18:00:35.516] [jointLog] [warning] Only 1320 fragments were mapped, but the number of burn-in fragments was set to 5000000.
The effective lengths have been computed using the observed mappings.

[2025-12-19 18:00:35.516] [jointLog] [info] Mapping rate = 100%

[2025-12-19 18:00:35.516] [jointLog] [info] finished quantifyLibrary()
[2025-12-19 18:00:35.517] [jointLog] [info] Starting optimizer
[2025-12-19 18:00:35.517] [jointLog] [info] Marked 0 weighted equivalence classes as degenerate
[2025-12-19 18:00:35.518] [jointLog] [info] iteration = 0 | max rel diff. = 46.8592
[2025-12-19 18:00:35.518] [jointLog] [info] iteration 11, adjusting effective lengths to account for biases
[2025-12-19 18:00:35.711] [jointLog] [info] Computed expected counts (for bias correction)
[2025-12-19 18:00:35.711] [jointLog] [info] processed bias for 1.2% of the transcripts
[2025-12-19 18:00:35.727] [jointLog] [info] processed bias for 11.5% of the transcripts
[2025-12-19 18:00:35.740] [jointLog] [info] processed bias for 20.3% of the transcripts
[2025-12-19 18:00:35.749] [jointLog] [info] processed bias for 29.9% of the transcripts
[2025-12-19 18:00:35.753] [jointLog] [info] processed bias for 39.8% of the transcripts
[2025-12-19 18:00:35.787] [jointLog] [info] processed bias for 52.6% of the transcripts
[2025-12-19 18:00:35.812] [jointLog] [info] processed bias for 59.4% of the transcripts
[2025-12-19 18:00:35.846] [jointLog] [info] processed bias for 69.2% of the transcripts
[2025-12-19 18:00:35.859] [jointLog] [info] processed bias for 79.2% of the transcripts
[2025-12-19 18:00:35.871] [jointLog] [info] processed bias for 91.0% of the transcripts
[2025-12-19 18:00:35.892] [jointLog] [info] processed bias for 98.8% of the transcripts
[2025-12-19 18:00:35.897] [jointLog] [info] processed bias for 100.0% of the transcripts
[2025-12-19 18:00:35.900] [jointLog] [info] iteration = 100 | max rel diff. = 0.148829
[2025-12-19 18:00:35.902] [jointLog] [info] iteration = 133 | max rel diff. = 0.00433574
[2025-12-19 18:00:35.902] [jointLog] [info] Finished optimizer
[2025-12-19 18:00:35.902] [jointLog] [info] writing output 

[2025-12-19 18:00:35.903] [jointLog] [warning] NOTE: Read Lib [[ data/raw/AbrahamSimpson_R1.fastq.gz, data/raw/AbrahamSimpson_R2.fastq.gz]] :

Detected a *potential* strand bias > 1% in an unstranded protocol check the file: results/salmon/AbrahamSimpson/lib_format_counts.json for details

