[2025-12-19 18:00:39.932] [jointLog] [info] setting maxHashResizeThreads to 4
[2025-12-19 18:00:39.932] [jointLog] [info] Fragment incompatibility prior below threshold.  Incompatible fragments will be ignored.
[2025-12-19 18:00:39.932] [jointLog] [info] Usage of --validateMappings implies use of minScoreFraction. Since not explicitly specified, it is being set to 0.65
[2025-12-19 18:00:39.932] [jointLog] [info] Setting consensusSlack to selective-alignment default of 0.35.
[2025-12-19 18:00:39.932] [jointLog] [info] parsing read library format
[2025-12-19 18:00:39.932] [jointLog] [info] There is 1 library.
[2025-12-19 18:00:39.932] [jointLog] [info] Loading pufferfish index
[2025-12-19 18:00:39.932] [jointLog] [info] Loading dense pufferfish index.
[2025-12-19 18:00:39.935] [jointLog] [info] done
[2025-12-19 18:00:39.953] [jointLog] [info] Index contained 679 targets
[2025-12-19 18:00:39.966] [jointLog] [info] Number of decoys : 0
[2025-12-19 18:00:40.007] [jointLog] [info] Computed 508 rich equivalence classes for further processing
[2025-12-19 18:00:40.007] [jointLog] [info] Counted 1,328 total reads in the equivalence classes 
[2025-12-19 18:00:40.008] [jointLog] [info] Number of mappings discarded because of alignment score : 0
[2025-12-19 18:00:40.008] [jointLog] [info] Number of fragments entirely discarded because of alignment score : 0
[2025-12-19 18:00:40.008] [jointLog] [info] Number of fragments discarded because they are best-mapped to decoys : 0
[2025-12-19 18:00:40.008] [jointLog] [info] Number of fragments discarded because they have only dovetail (discordant) mappings to valid targets : 215
[2025-12-19 18:00:40.009] [jointLog] [warning] Only 1328 fragments were mapped, but the number of burn-in fragments was set to 5000000.
The effective lengths have been computed using the observed mappings.

[2025-12-19 18:00:40.009] [jointLog] [info] Mapping rate = 100%

[2025-12-19 18:00:40.009] [jointLog] [info] finished quantifyLibrary()
[2025-12-19 18:00:40.009] [jointLog] [info] Starting optimizer
[2025-12-19 18:00:40.009] [jointLog] [info] Marked 0 weighted equivalence classes as degenerate
[2025-12-19 18:00:40.009] [jointLog] [info] iteration = 0 | max rel diff. = 58.7812
[2025-12-19 18:00:40.010] [jointLog] [info] iteration 11, adjusting effective lengths to account for biases
[2025-12-19 18:00:40.008] [fileLog] [info] 
At end of round 0
==================
Observed 1328 total fragments (1328 in most recent round)

[2025-12-19 18:00:40.209] [jointLog] [info] Computed expected counts (for bias correction)
[2025-12-19 18:00:40.209] [jointLog] [info] processed bias for 2.7% of the transcripts
[2025-12-19 18:00:40.225] [jointLog] [info] processed bias for 14.0% of the transcripts
[2025-12-19 18:00:40.231] [jointLog] [info] processed bias for 20.2% of the transcripts
[2025-12-19 18:00:40.244] [jointLog] [info] processed bias for 30.0% of the transcripts
[2025-12-19 18:00:40.258] [jointLog] [info] processed bias for 40.5% of the transcripts
[2025-12-19 18:00:40.312] [jointLog] [info] processed bias for 49.8% of the transcripts
[2025-12-19 18:00:40.322] [jointLog] [info] processed bias for 60.2% of the transcripts
[2025-12-19 18:00:40.335] [jointLog] [info] processed bias for 71.3% of the transcripts
[2025-12-19 18:00:40.348] [jointLog] [info] processed bias for 79.8% of the transcripts
[2025-12-19 18:00:40.360] [jointLog] [info] processed bias for 89.0% of the transcripts
[2025-12-19 18:00:40.386] [jointLog] [info] processed bias for 98.8% of the transcripts
[2025-12-19 18:00:40.392] [jointLog] [info] processed bias for 100.0% of the transcripts
[2025-12-19 18:00:40.395] [jointLog] [info] iteration = 100 | max rel diff. = 2.25397
[2025-12-19 18:00:40.395] [jointLog] [info] iteration = 105 | max rel diff. = 0.00315052
[2025-12-19 18:00:40.395] [jointLog] [info] Finished optimizer
[2025-12-19 18:00:40.395] [jointLog] [info] writing output 

[2025-12-19 18:00:40.396] [jointLog] [warning] NOTE: Read Lib [[ data/raw/MaggieSimpson_R1.fastq.gz, data/raw/MaggieSimpson_R2.fastq.gz]] :

Detected a *potential* strand bias > 1% in an unstranded protocol check the file: results/salmon/MaggieSimpson/lib_format_counts.json for details

