[2025-12-16 17:47:54.704] [jointLog] [info] setting maxHashResizeThreads to 8
[2025-12-16 17:47:54.704] [jointLog] [info] Fragment incompatibility prior below threshold.  Incompatible fragments will be ignored.
[2025-12-16 17:47:54.704] [jointLog] [info] Usage of --validateMappings implies use of minScoreFraction. Since not explicitly specified, it is being set to 0.65
[2025-12-16 17:47:54.704] [jointLog] [info] Setting consensusSlack to selective-alignment default of 0.35.
[2025-12-16 17:47:54.704] [jointLog] [info] parsing read library format
[2025-12-16 17:47:54.704] [jointLog] [info] There is 1 library.
[2025-12-16 17:47:54.717] [jointLog] [info] Loading pufferfish index
[2025-12-16 17:47:54.720] [jointLog] [info] Loading dense pufferfish index.
[2025-12-16 17:47:54.769] [jointLog] [info] done
[2025-12-16 17:47:54.904] [jointLog] [info] Index contained 679 targets
[2025-12-16 17:47:54.904] [jointLog] [info] Number of decoys : 0
[2025-12-16 17:47:55.059] [jointLog] [info] Computed 477 rich equivalence classes for further processing
[2025-12-16 17:47:55.059] [jointLog] [info] Counted 1319 total reads in the equivalence classes 
[2025-12-16 17:47:55.061] [jointLog] [info] Number of mappings discarded because of alignment score : 52
[2025-12-16 17:47:55.061] [jointLog] [info] Number of fragments entirely discarded because of alignment score : 0
[2025-12-16 17:47:55.061] [jointLog] [info] Number of fragments discarded because they are best-mapped to decoys : 0
[2025-12-16 17:47:55.061] [jointLog] [info] Number of fragments discarded because they have only dovetail (discordant) mappings to valid targets : 16
[2025-12-16 17:47:55.061] [jointLog] [warning] Only 1319 fragments were mapped, but the number of burn-in fragments was set to 5000000.
The effective lengths have been computed using the observed mappings.

[2025-12-16 17:47:55.061] [jointLog] [info] Mapping rate = 100%

[2025-12-16 17:47:55.061] [jointLog] [info] finished quantifyLibrary()
[2025-12-16 17:47:55.078] [jointLog] [info] Starting optimizer
[2025-12-16 17:47:55.080] [jointLog] [info] Marked 0 weighted equivalence classes as degenerate
[2025-12-16 17:47:55.080] [jointLog] [info] iteration = 0 | max rel diff. = 57.9201
[2025-12-16 17:47:55.093] [jointLog] [info] iteration = 100 | max rel diff. = 0.150978
[2025-12-16 17:47:55.096] [jointLog] [info] iteration = 134 | max rel diff. = 0.00844416
[2025-12-16 17:47:55.096] [jointLog] [info] Finished optimizer
[2025-12-16 17:47:55.096] [jointLog] [info] writing output 

[2025-12-16 17:47:55.129] [jointLog] [warning] NOTE: Read Lib [[ Trimmed/MaggieSimpson_R1_filtered.fastq.gz, Trimmed/MaggieSimpson_R2_filtered.fastq.gz]] :

Detected a *potential* strand bias > 1% in an unstranded protocol check the file: Cuantificación/MaggieSimpson_quantified/lib_format_counts.json for details

[2025-12-16 17:47:55.059] [fileLog] [info] 
At end of round 0
==================
Observed 1319 total fragments (1319 in most recent round)

