[2025-12-16 17:45:27.713] [jointLog] [info] setting maxHashResizeThreads to 8
[2025-12-16 17:45:27.713] [jointLog] [info] Fragment incompatibility prior below threshold.  Incompatible fragments will be ignored.
[2025-12-16 17:45:27.713] [jointLog] [info] Usage of --validateMappings implies use of minScoreFraction. Since not explicitly specified, it is being set to 0.65
[2025-12-16 17:45:27.713] [jointLog] [info] Setting consensusSlack to selective-alignment default of 0.35.
[2025-12-16 17:45:27.713] [jointLog] [info] parsing read library format
[2025-12-16 17:45:27.713] [jointLog] [info] There is 1 library.
[2025-12-16 17:45:27.726] [jointLog] [info] Loading pufferfish index
[2025-12-16 17:45:27.730] [jointLog] [info] Loading dense pufferfish index.
[2025-12-16 17:45:27.779] [jointLog] [info] done
[2025-12-16 17:45:27.896] [jointLog] [info] Index contained 679 targets
[2025-12-16 17:45:27.896] [jointLog] [info] Number of decoys : 0
[2025-12-16 17:45:28.049] [jointLog] [info] Computed 445 rich equivalence classes for further processing
[2025-12-16 17:45:28.049] [jointLog] [info] Counted 1309 total reads in the equivalence classes 
[2025-12-16 17:45:28.052] [jointLog] [info] Number of mappings discarded because of alignment score : 85
[2025-12-16 17:45:28.052] [jointLog] [info] Number of fragments entirely discarded because of alignment score : 0
[2025-12-16 17:45:28.052] [jointLog] [info] Number of fragments discarded because they are best-mapped to decoys : 0
[2025-12-16 17:45:28.052] [jointLog] [info] Number of fragments discarded because they have only dovetail (discordant) mappings to valid targets : 38
[2025-12-16 17:45:28.052] [jointLog] [warning] Only 1309 fragments were mapped, but the number of burn-in fragments was set to 5000000.
The effective lengths have been computed using the observed mappings.

[2025-12-16 17:45:28.052] [jointLog] [info] Mapping rate = 100%

[2025-12-16 17:45:28.052] [jointLog] [info] finished quantifyLibrary()
[2025-12-16 17:45:28.057] [jointLog] [info] Starting optimizer
[2025-12-16 17:45:28.059] [jointLog] [info] Marked 0 weighted equivalence classes as degenerate
[2025-12-16 17:45:28.059] [jointLog] [info] iteration = 0 | max rel diff. = 28.0332
[2025-12-16 17:45:28.069] [jointLog] [info] iteration = 100 | max rel diff. = 0.134681
[2025-12-16 17:45:28.072] [jointLog] [info] iteration = 126 | max rel diff. = 0.00857923
[2025-12-16 17:45:28.072] [jointLog] [info] Finished optimizer
[2025-12-16 17:45:28.072] [jointLog] [info] writing output 

[2025-12-16 17:45:28.095] [jointLog] [warning] NOTE: Read Lib [[ Trimmed/HomerSimpson_R1_filtered.fastq.gz, Trimmed/HomerSimpson_R2_filtered.fastq.gz]] :

Detected a *potential* strand bias > 1% in an unstranded protocol check the file: Cuantificación/HomerSimpson_quantified/lib_format_counts.json for details

[2025-12-16 17:45:28.050] [fileLog] [info] 
At end of round 0
==================
Observed 1309 total fragments (1309 in most recent round)

