[2025-12-19 15:11:57.044] [jointLog] [info] setting maxHashResizeThreads to 4
[2025-12-19 15:11:57.044] [jointLog] [info] Fragment incompatibility prior below threshold.  Incompatible fragments will be ignored.
[2025-12-19 15:11:57.044] [jointLog] [info] Usage of --validateMappings implies use of minScoreFraction. Since not explicitly specified, it is being set to 0.65
[2025-12-19 15:11:57.044] [jointLog] [info] Setting consensusSlack to selective-alignment default of 0.35.
[2025-12-19 15:11:57.044] [jointLog] [info] parsing read library format
[2025-12-19 15:11:57.044] [jointLog] [info] There is 1 library.
[2025-12-19 15:11:57.044] [jointLog] [info] Loading pufferfish index
[2025-12-19 15:11:57.044] [jointLog] [info] Loading dense pufferfish index.
[2025-12-19 15:11:57.049] [jointLog] [info] done
[2025-12-19 15:11:57.104] [jointLog] [info] Index contained 679 targets
[2025-12-19 15:11:57.104] [jointLog] [info] Number of decoys : 0
[2025-12-19 15:11:57.172] [fileLog] [info] 
At end of round 0
==================
Observed 1320 total fragments (1320 in most recent round)

[2025-12-19 15:11:57.171] [jointLog] [info] Computed 487 rich equivalence classes for further processing
[2025-12-19 15:11:57.171] [jointLog] [info] Counted 1320 total reads in the equivalence classes 
[2025-12-19 15:11:57.174] [jointLog] [info] Number of mappings discarded because of alignment score : 52
[2025-12-19 15:11:57.174] [jointLog] [info] Number of fragments entirely discarded because of alignment score : 0
[2025-12-19 15:11:57.174] [jointLog] [info] Number of fragments discarded because they are best-mapped to decoys : 0
[2025-12-19 15:11:57.174] [jointLog] [info] Number of fragments discarded because they have only dovetail (discordant) mappings to valid targets : 20
[2025-12-19 15:11:57.174] [jointLog] [warning] Only 1320 fragments were mapped, but the number of burn-in fragments was set to 5000000.
The effective lengths have been computed using the observed mappings.

[2025-12-19 15:11:57.174] [jointLog] [info] Mapping rate = 100%

[2025-12-19 15:11:57.174] [jointLog] [info] finished quantifyLibrary()
[2025-12-19 15:11:57.175] [jointLog] [info] Starting optimizer
[2025-12-19 15:11:57.176] [jointLog] [info] Marked 0 weighted equivalence classes as degenerate
[2025-12-19 15:11:57.176] [jointLog] [info] iteration = 0 | max rel diff. = 52.9487
[2025-12-19 15:11:57.185] [jointLog] [info] iteration = 100 | max rel diff. = 13.8125
[2025-12-19 15:11:57.188] [jointLog] [info] iteration = 127 | max rel diff. = 0.00604388
[2025-12-19 15:11:57.188] [jointLog] [info] Finished optimizer
[2025-12-19 15:11:57.188] [jointLog] [info] writing output 

[2025-12-19 15:11:57.189] [jointLog] [warning] NOTE: Read Lib [[ results/cleaned_data/LisaSimpson_R1_clean.fastq.gz, results/cleaned_data/LisaSimpson_R2_clean.fastq.gz]] :

Detected a *potential* strand bias > 1% in an unstranded protocol check the file: results/salmon_quant/LisaSimpson_quant/lib_format_counts.json for details

